[    0.000000] Linux version 4.15.0-212-generic (buildd@lcy02-amd64-083) (gcc version 7.5.0 (Ubuntu 7.5.0-3ubuntu1~18.04)) #223-Ubuntu SMP Tue May 23 13:09:22 UTC 2023 (Ubuntu 4.15.0-212.223-generic 4.15.18)
[    0.000000] Command line: BOOT_IMAGE=/boot/vmlinuz-4.15.0-212-generic root=LABEL=cloudimg-rootfs ro console=tty1 console=ttyS0
[    0.000000] KERNEL supported cpus:
[    0.000000]   Intel GenuineIntel
[    0.000000]   AMD AuthenticAMD
[    0.000000]   Centaur CentaurHauls
[    0.000000] x86/fpu: Supporting XSAVE feature 0x001: 'x87 floating point registers'
[    0.000000] x86/fpu: Supporting XSAVE feature 0x002: 'SSE registers'
[    0.000000] x86/fpu: Enabled xstate features 0x3, context size is 576 bytes, using 'standard' format.
[    0.000000] e820: BIOS-provided physical RAM map:
[    0.000000] BIOS-e820: [mem 0x0000000000000000-0x000000000009fbff] usable
[    0.000000] BIOS-e820: [mem 0x000000000009fc00-0x000000000009ffff] reserved
[    0.000000] BIOS-e820: [mem 0x00000000000f0000-0x00000000000fffff] reserved
[    0.000000] BIOS-e820: [mem 0x0000000000100000-0x000000003ffeffff] usable
[    0.000000] BIOS-e820: [mem 0x000000003fff0000-0x000000003fffffff] ACPI data
[    0.000000] BIOS-e820: [mem 0x00000000fec00000-0x00000000fec00fff] reserved
[    0.000000] BIOS-e820: [mem 0x00000000fee00000-0x00000000fee00fff] reserved
[    0.000000] BIOS-e820: [mem 0x00000000fffc0000-0x00000000ffffffff] reserved
[    0.000000] NX (Execute Disable) protection: active
[    0.000000] SMBIOS 2.5 present.
[    0.000000] DMI: innotek GmbH VirtualBox/VirtualBox, BIOS VirtualBox 12/01/2006
[    0.000000] Hypervisor detected: KVM
[    0.000000] e820: last_pfn = 0x3fff0 max_arch_pfn = 0x400000000
[    0.000000] MTRR: Disabled
[    0.000000] x86/PAT: MTRRs disabled, skipping PAT initialization too.
[    0.000000] CPU MTRRs all blank - virtualized system.
[    0.000000] x86/PAT: Configuration [0-7]: WB  WT  UC- UC  WB  WT  UC- UC  
[    0.000000] found SMP MP-table at [mem 0x0009fff0-0x0009ffff]
[    0.000000] Scanning 1 areas for low memory corruption
[    0.000000] RAMDISK: [mem 0x359cb000-0x36cdcfff]
[    0.000000] ACPI: Early table checksum verification disabled
[    0.000000] ACPI: RSDP 0x00000000000E0000 000024 (v02 VBOX  )
[    0.000000] ACPI: XSDT 0x000000003FFF0030 00003C (v01 VBOX   VBOXXSDT 00000001 ASL  00000061)
[    0.000000] ACPI: FACP 0x000000003FFF00F0 0000F4 (v04 VBOX   VBOXFACP 00000001 ASL  00000061)
[    0.000000] ACPI: DSDT 0x000000003FFF0610 002353 (v02 VBOX   VBOXBIOS 00000002 INTL 20200925)
[    0.000000] ACPI: FACS 0x000000003FFF0200 000040
[    0.000000] ACPI: FACS 0x000000003FFF0200 000040
[    0.000000] ACPI: APIC 0x000000003FFF0240 00005C (v02 VBOX   VBOXAPIC 00000001 ASL  00000061)
[    0.000000] ACPI: SSDT 0x000000003FFF02A0 00036C (v01 VBOX   VBOXCPUT 00000002 INTL 20200925)
[    0.000000] ACPI: Reserving FACP table memory at [mem 0x3fff00f0-0x3fff01e3]
[    0.000000] ACPI: Reserving DSDT table memory at [mem 0x3fff0610-0x3fff2962]
[    0.000000] ACPI: Reserving FACS table memory at [mem 0x3fff0200-0x3fff023f]
[    0.000000] ACPI: Reserving FACS table memory at [mem 0x3fff0200-0x3fff023f]
[    0.000000] ACPI: Reserving APIC table memory at [mem 0x3fff0240-0x3fff029b]
[    0.000000] ACPI: Reserving SSDT table memory at [mem 0x3fff02a0-0x3fff060b]
[    0.000000] No NUMA configuration found
[    0.000000] Faking a node at [mem 0x0000000000000000-0x000000003ffeffff]
[    0.000000] NODE_DATA(0) allocated [mem 0x3ffc5000-0x3ffeffff]
[    0.000000] kvm-clock: cpu 0, msr 0:3ff44001, primary cpu clock
[    0.000000] kvm-clock: Using msrs 4b564d01 and 4b564d00
[    0.000000] kvm-clock: using sched offset of 5352019400 cycles
[    0.000000] clocksource: kvm-clock: mask: 0xffffffffffffffff max_cycles: 0x1cd42e4dffb, max_idle_ns: 881590591483 ns
[    0.000000] Zone ranges:
[    0.000000]   DMA      [mem 0x0000000000001000-0x0000000000ffffff]
[    0.000000]   DMA32    [mem 0x0000000001000000-0x000000003ffeffff]
[    0.000000]   Normal   empty
[    0.000000]   Device   empty
[    0.000000] Movable zone start for each node
[    0.000000] Early memory node ranges
[    0.000000]   node   0: [mem 0x0000000000001000-0x000000000009efff]
[    0.000000]   node   0: [mem 0x0000000000100000-0x000000003ffeffff]
[    0.000000] Reserved but unavailable: 104 pages
[    0.000000] Initmem setup node 0 [mem 0x0000000000001000-0x000000003ffeffff]
[    0.000000] ACPI: PM-Timer IO Port: 0x4008
[    0.000000] IOAPIC[0]: apic_id 2, version 32, address 0xfec00000, GSI 0-23
[    0.000000] ACPI: INT_SRC_OVR (bus 0 bus_irq 0 global_irq 2 dfl dfl)
[    0.000000] ACPI: INT_SRC_OVR (bus 0 bus_irq 9 global_irq 9 low level)
[    0.000000] Using ACPI (MADT) for SMP configuration information
[    0.000000] smpboot: Allowing 2 CPUs, 0 hotplug CPUs
[    0.000000] PM: Registered nosave memory: [mem 0x00000000-0x00000fff]
[    0.000000] PM: Registered nosave memory: [mem 0x0009f000-0x0009ffff]
[    0.000000] PM: Registered nosave memory: [mem 0x000a0000-0x000effff]
[    0.000000] PM: Registered nosave memory: [mem 0x000f0000-0x000fffff]
[    0.000000] e820: [mem 0x40000000-0xfebfffff] available for PCI devices
[    0.000000] Booting paravirtualized kernel on KVM
[    0.000000] clocksource: refined-jiffies: mask: 0xffffffff max_cycles: 0xffffffff, max_idle_ns: 7645519600211568 ns
[    0.000000] setup_percpu: NR_CPUS:8192 nr_cpumask_bits:2 nr_cpu_ids:2 nr_node_ids:1
[    0.000000] percpu: Embedded 50 pages/cpu s167936 r8192 d28672 u1048576
[    0.000000] PV qspinlock hash table entries: 256 (order: 0, 4096 bytes)
[    0.000000] Built 1 zonelists, mobility grouping on.  Total pages: 257913
[    0.000000] Policy zone: DMA32
[    0.000000] Kernel command line: BOOT_IMAGE=/boot/vmlinuz-4.15.0-212-generic root=LABEL=cloudimg-rootfs ro console=tty1 console=ttyS0
[    0.000000] Memory: 982644K/1048120K available (12300K kernel code, 2477K rwdata, 4324K rodata, 2480K init, 2720K bss, 65476K reserved, 0K cma-reserved)
[    0.000000] SLUB: HWalign=64, Order=0-3, MinObjects=0, CPUs=2, Nodes=1
[    0.000000] Kernel/User page tables isolation: enabled
[    0.000000] ftrace: allocating 39508 entries in 155 pages
[    0.004000] Hierarchical RCU implementation.
[    0.004000] 	RCU restricting CPUs from NR_CPUS=8192 to nr_cpu_ids=2.
[    0.004000] 	Tasks RCU enabled.
[    0.004000] RCU: Adjusting geometry for rcu_fanout_leaf=16, nr_cpu_ids=2
[    0.004000] NR_IRQS: 524544, nr_irqs: 440, preallocated irqs: 16
[    0.004000] random: crng init done
[    0.004000] Console: colour VGA+ 80x25
[    0.004000] console [tty1] enabled
[    0.004000] console [ttyS0] enabled
[    0.004000] ACPI: Core revision 20170831
[    0.004000] ACPI: 2 ACPI AML tables successfully acquired and loaded
[    0.004000] APIC: Switch to symmetric I/O mode setup
[    0.004000] x2apic enabled
[    0.004000] Switched APIC routing to physical x2apic.
[    0.004000] ..TIMER: vector=0x30 apic1=0 pin1=2 apic2=-1 pin2=-1
[    0.004006] tsc: Detected 1991.971 MHz processor
[    0.005432] Calibrating delay loop (skipped) preset value.. 3983.94 BogoMIPS (lpj=7967884)
[    0.008006] pid_max: default: 32768 minimum: 301
[    0.009440] Security Framework initialized
[    0.012003] Yama: becoming mindful.
[    0.013156] AppArmor: AppArmor initialized
[    0.020075] Dentry cache hash table entries: 131072 (order: 8, 1048576 bytes)
[    0.024094] Inode-cache hash table entries: 65536 (order: 7, 524288 bytes)
[    0.028023] Mount-cache hash table entries: 2048 (order: 2, 16384 bytes)
[    0.029992] Mountpoint-cache hash table entries: 2048 (order: 2, 16384 bytes)
[    0.032000] Last level iTLB entries: 4KB 128, 2MB 8, 4MB 8
[    0.032004] Last level dTLB entries: 4KB 64, 2MB 0, 4MB 0, 1GB 4
[    0.033782] Spectre V1 : Mitigation: usercopy/swapgs barriers and __user pointer sanitization
[    0.036004] Spectre V2 : Mitigation: Retpolines
[    0.037370] Spectre V2 : Spectre v2 / SpectreRSB mitigation: Filling RSB on context switch
[    0.040002] Spectre V2 : Spectre v2 / SpectreRSB : Filling RSB on VMEXIT
[    0.041951] RETBleed: WARNING: Spectre v2 mitigation leaves CPU vulnerable to RETBleed attacks, data leaks possible!
[    0.044003] RETBleed: Vulnerable
[    0.045080] Speculative Store Bypass: Vulnerable
[    0.048159] MDS: Mitigation: Clear CPU buffers
[    0.049534] MMIO Stale Data: Mitigation: Clear CPU buffers
[    0.052005] SRBDS: Unknown: Dependent on hypervisor status
[    0.054285] Freeing SMP alternatives memory: 36K
[    0.169928] smpboot: CPU0: Intel(R) Celeron(R) CPU 3955U @ 2.00GHz (family: 0x6, model: 0x4e, stepping: 0x3)
[    0.172000] Performance Events: unsupported p6 CPU model 78 no PMU driver, software events only.
[    0.172051] Hierarchical SRCU implementation.
[    0.174190] NMI watchdog: Perf event create on CPU 0 failed with -2
[    0.176003] NMI watchdog: Perf NMI watchdog permanently disabled
[    0.177886] smp: Bringing up secondary CPUs ...
[    0.180120] x86: Booting SMP configuration:
[    0.181485] .... node  #0, CPUs:      #1
[    0.004000] kvm-clock: cpu 1, msr 0:3ff44041, secondary cpu clock
[    0.192030] smp: Brought up 1 node, 2 CPUs
[    0.193360] smpboot: Max logical packages: 1
[    0.194663] smpboot: Total of 2 processors activated (7967.88 BogoMIPS)
[    0.196171] devtmpfs: initialized
[    0.197196] x86/mm: Memory block size: 128MB
[    0.200252] evm: security.selinux
[    0.201361] evm: security.SMACK64
[    0.202422] evm: security.SMACK64EXEC
[    0.204005] evm: security.SMACK64TRANSMUTE
[    0.205252] evm: security.SMACK64MMAP
[    0.206405] evm: security.apparmor
[    0.207470] evm: security.ima
[    0.208003] evm: security.capability
[    0.209297] clocksource: jiffies: mask: 0xffffffff max_cycles: 0xffffffff, max_idle_ns: 7645041785100000 ns
[    0.212018] futex hash table entries: 512 (order: 3, 32768 bytes)
[    0.213859] pinctrl core: initialized pinctrl subsystem
[    0.217221] RTC time: 15:12:23, date: 05/09/25
[    0.218806] NET: Registered protocol family 16
[    0.220138] audit: initializing netlink subsys (disabled)
[    0.221886] audit: type=2000 audit(1746803551.086:1): state=initialized audit_enabled=0 res=1
[    0.224016] cpuidle: using governor ladder
[    0.225300] cpuidle: using governor menu
[    0.226591] ACPI: bus type PCI registered
[    0.228005] acpiphp: ACPI Hot Plug PCI Controller Driver version: 0.5
[    0.230009] PCI: Using configuration type 1 for base access
[    0.233837] HugeTLB registered 2.00 MiB page size, pre-allocated 0 pages
[    0.236109] ACPI: Added _OSI(Module Device)
[    0.237402] ACPI: Added _OSI(Processor Device)
[    0.238768] ACPI: Added _OSI(3.0 _SCP Extensions)
[    0.240006] ACPI: Added _OSI(Processor Aggregator Device)
[    0.241598] ACPI: Added _OSI(Linux-Dell-Video)
[    0.244012] ACPI: Added _OSI(Linux-Lenovo-NV-HDMI-Audio)
[    0.245581] ACPI: Added _OSI(Linux-HPI-Hybrid-Graphics)
[    0.247582] ACPI: Executed 1 blocks of module-level executable AML code
[    0.256000] ACPI: Interpreter enabled
[    0.256022] ACPI: (supports S0 S5)
[    0.257192] ACPI: Using IOAPIC for interrupt routing
[    0.260338] PCI: Using host bridge windows from ACPI; if necessary, use "pci=nocrs" and report a bug
[    0.264114] ACPI: Enabled 2 GPEs in block 00 to 07
[    0.276320] ACPI: PCI Root Bridge [PCI0] (domain 0000 [bus 00-ff])
[    0.278283] acpi PNP0A03:00: _OSC: OS supports [ASPM ClockPM Segments MSI]
[    0.280980] acpi PNP0A03:00: _OSC: not requesting OS control; OS requires [ExtendedConfig ASPM ClockPM MSI]
[    0.284011] acpi PNP0A03:00: fail to add MMCONFIG information, can't access extended PCI configuration space under this bridge.
[    0.288000] PCI host bridge to bus 0000:00
[    0.288006] pci_bus 0000:00: root bus resource [io  0x0000-0x0cf7 window]
[    0.289944] pci_bus 0000:00: root bus resource [io  0x0d00-0xffff window]
[    0.292008] pci_bus 0000:00: root bus resource [mem 0x000a0000-0x000bffff window]
[    0.296004] pci_bus 0000:00: root bus resource [mem 0x40000000-0xfdffffff window]
[    0.300004] pci_bus 0000:00: root bus resource [bus 00-ff]
[    0.304569] pci 0000:00:01.1: legacy IDE quirk: reg 0x10: [io  0x01f0-0x01f7]
[    0.306694] pci 0000:00:01.1: legacy IDE quirk: reg 0x14: [io  0x03f6]
[    0.308016] pci 0000:00:01.1: legacy IDE quirk: reg 0x18: [io  0x0170-0x0177]
[    0.310141] pci 0000:00:01.1: legacy IDE quirk: reg 0x1c: [io  0x0376]
[    0.338509] pci 0000:00:07.0: quirk: [io  0x4000-0x403f] claimed by PIIX4 ACPI
[    0.340022] pci 0000:00:07.0: quirk: [io  0x4100-0x410f] claimed by PIIX4 SMB
[    0.353870] ACPI: PCI Interrupt Link [LNKA] (IRQs 5 9 10 *11)
[    0.356490] ACPI: PCI Interrupt Link [LNKB] (IRQs 5 9 *10 11)
[    0.358502] ACPI: PCI Interrupt Link [LNKC] (IRQs 5 *9 10 11)
[    0.360214] ACPI: PCI Interrupt Link [LNKD] (IRQs 5 9 10 *11)
[    0.362726] SCSI subsystem initialized
[    0.364066] pci 0000:00:02.0: vgaarb: setting as boot VGA device
[    0.365824] pci 0000:00:02.0: vgaarb: VGA device added: decodes=io+mem,owns=io+mem,locks=none
[    0.368008] pci 0000:00:02.0: vgaarb: bridge control possible
[    0.369736] vgaarb: loaded
[    0.370696] ACPI: bus type USB registered
[    0.372032] usbcore: registered new interface driver usbfs
[    0.373679] usbcore: registered new interface driver hub
[    0.376014] usbcore: registered new device driver usb
[    0.377665] EDAC MC: Ver: 3.0.0
[    0.377665] PCI: Using ACPI for IRQ routing
[    0.380391] NetLabel: Initializing
[    0.381526] NetLabel:  domain hash size = 128
[    0.382832] NetLabel:  protocols = UNLABELED CIPSOv4 CALIPSO
[    0.384027] NetLabel:  unlabeled traffic allowed by default
[    0.385719] clocksource: Switched to clocksource kvm-clock
[    0.396131] VFS: Disk quotas dquot_6.6.0
[    0.396131] VFS: Dquot-cache hash table entries: 512 (order 0, 4096 bytes)
[    0.396131] AppArmor: AppArmor Filesystem Enabled
[    0.396131] pnp: PnP ACPI init
[    0.396131] pnp: PnP ACPI: found 3 devices
[    0.420571] clocksource: acpi_pm: mask: 0xffffff max_cycles: 0xffffff, max_idle_ns: 2085701024 ns
[    0.423340] NET: Registered protocol family 2
[    0.424559] IP idents hash table entries: 16384 (order: 5, 131072 bytes)
[    0.424559] TCP established hash table entries: 8192 (order: 4, 65536 bytes)
[    0.435800] TCP bind hash table entries: 8192 (order: 5, 131072 bytes)
[    0.437764] TCP: Hash tables configured (established 8192 bind 8192)
[    0.439692] UDP hash table entries: 512 (order: 2, 16384 bytes)
[    0.441596] UDP-Lite hash table entries: 512 (order: 2, 16384 bytes)
[    0.441743] NET: Registered protocol family 1
[    0.441743] pci 0000:00:00.0: Limiting direct PCI/PCI transfers
[    0.441743] pci 0000:00:01.0: Activating ISA DMA hang workarounds
[    0.441743] pci 0000:00:02.0: Video device with shadowed ROM at [mem 0x000c0000-0x000dffff]
[    0.441743] Unpacking initramfs...
[    0.441743] Freeing initrd memory: 19528K
[    0.441743] clocksource: tsc: mask: 0xffffffffffffffff max_cycles: 0x396d1ad889c, max_idle_ns: 881590446634 ns
[    0.441743] platform rtc_cmos: registered platform RTC device (no PNP device found)
[    0.441743] Scanning for low memory corruption every 60 seconds
[    1.045856] Initialise system trusted keyrings
[    1.048334] Key type blacklist registered
[    1.052968] workingset: timestamp_bits=36 max_order=18 bucket_order=0
[    1.059704] zbud: loaded
[    1.062142] squashfs: version 4.0 (2009/01/31) Phillip Lougher
[    1.065841] fuse init (API version 7.26)
[    1.076912] Key type asymmetric registered
[    1.078981] Asymmetric key parser 'x509' registered
[    1.081560] Block layer SCSI generic (bsg) driver version 0.4 loaded (major 246)
[    1.088144] io scheduler noop registered
[    1.090095] io scheduler deadline registered
[    1.093086] io scheduler cfq registered (default)
[    1.096375] ACPI: AC Adapter [AC] (on-line)
[    1.098616] input: Power Button as /devices/LNXSYSTM:00/LNXPWRBN:00/input/input0
[    1.104197] ACPI: Power Button [PWRF]
[    1.105604] input: Sleep Button as /devices/LNXSYSTM:00/LNXSLPBN:00/input/input1
[    1.109222] ACPI: Sleep Button [SLPF]
[    1.113197] ACPI: Battery Slot [BAT0] (battery present)
[    1.114868] Serial: 8250/16550 driver, 32 ports, IRQ sharing enabled
[    1.138010] 00:02: ttyS0 at I/O 0x3f8 (irq = 4, base_baud = 115200) is a 16550A
[    1.143907] Linux agpgart interface v0.103
[    1.148954] loop: module loaded
[    1.150861] scsi host0: ata_piix
[    1.152105] scsi host1: ata_piix
[    1.153208] ata1: PATA max UDMA/33 cmd 0x1f0 ctl 0x3f6 bmdma 0xd000 irq 14
[    1.155192] ata2: PATA max UDMA/33 cmd 0x170 ctl 0x376 bmdma 0xd008 irq 15
[    1.157706] tun: Universal TUN/TAP device driver, 1.6
[    1.159509] PPP generic driver version 2.4.2
[    1.161015] ehci_hcd: USB 2.0 'Enhanced' Host Controller (EHCI) Driver
[    1.162908] ehci-pci: EHCI PCI platform driver
[    1.164466] ehci-platform: EHCI generic platform driver
[    1.166037] ohci_hcd: USB 1.1 'Open' Host Controller (OHCI) Driver
[    1.167837] ohci-pci: OHCI PCI platform driver
[    1.169265] ohci-platform: OHCI generic platform driver
[    1.170827] uhci_hcd: USB Universal Host Controller Interface driver
[    1.172785] i8042: PNP: PS/2 Controller [PNP0303:PS2K,PNP0f03:PS2M] at 0x60,0x64 irq 1,12
[    1.177720] serio: i8042 KBD port at 0x60,0x64 irq 1
[    1.179254] serio: i8042 AUX port at 0x60,0x64 irq 12
[    1.181114] mousedev: PS/2 mouse device common for all mice
[    1.183539] rtc_cmos rtc_cmos: rtc core: registered rtc_cmos as rtc0
[    1.185617] input: AT Translated Set 2 keyboard as /devices/platform/i8042/serio0/input/input2
[    1.188210] rtc_cmos rtc_cmos: alarms up to one day, 114 bytes nvram
[    1.194818] i2c /dev entries driver
[    1.197126] device-mapper: uevent: version 1.0.3
[    1.200068] device-mapper: ioctl: 4.37.0-ioctl (2017-09-20) initialised: dm-devel@redhat.com
[    1.205469] ledtrig-cpu: registered to indicate activity on CPUs
[    1.209882] NET: Registered protocol family 10
[    1.218595] Segment Routing with IPv6
[    1.220977] NET: Registered protocol family 17
[    1.223860] Key type dns_resolver registered
[    1.225633] mce: Using 0 MCE banks
[    1.226829] RAS: Correctable Errors collector initialized.
[    1.228622] sched_clock: Marking stable (1228559246, 0)->(1540066329, -311507083)
[    1.231408] registered taskstats version 1
[    1.233125] Loading compiled-in X.509 certificates
[    1.239848] Loaded X.509 cert 'Build time autogenerated kernel key: b5b26778eaa3ab3a4a6cee031137706e947d12ad'
[    1.244295] Loaded X.509 cert 'Canonical Ltd. Live Patch Signing: 14df34d1a87cf37625abec039ef2bf521249b969'
[    1.248011] Loaded X.509 cert 'Canonical Ltd. Kernel Module Signing: 88f752e560a1e0737e31163a466ad7b70a850c19'
[    1.251083] blacklist: Loading compiled-in revocation X.509 certificates
[    1.253153] Loaded X.509 cert 'Canonical Ltd. Secure Boot Signing: 61482aa2830d0ab2ad5af10b7250da9033ddcef0'
[    1.256135] Loaded X.509 cert 'Canonical Ltd. Secure Boot Signing (2017): 242ade75ac4a15e50d50c84b0d45ff3eae707a03'
[    1.259143] Loaded X.509 cert 'Canonical Ltd. Secure Boot Signing (ESM 2018): 365188c1d374d6b07c3c8f240f8ef722433d6a8b'
[    1.262370] Loaded X.509 cert 'Canonical Ltd. Secure Boot Signing (2019): c0746fd6c5da3ae827864651ad66ae47fe24b3e8'
[    1.265635] Loaded X.509 cert 'Canonical Ltd. Secure Boot Signing (2021 v1): a8d54bbb3825cfb94fa13c9f8a594a195c107b8d'
[    1.268803] Loaded X.509 cert 'Canonical Ltd. Secure Boot Signing (2021 v2): 4cf046892d6fd3c9a5b03f98d845f90851dc6a8c'
[    1.272004] Loaded X.509 cert 'Canonical Ltd. Secure Boot Signing (2021 v3): 100437bb6de6e469b581e61cd66bce3ef4ed53af'
[    1.275184] Loaded X.509 cert 'Canonical Ltd. Secure Boot Signing (Ubuntu Core 2019): c1d57b8f6b743f23ee41f4f7ee292f06eecadfb9'
[    1.278567] zswap: loaded using pool lzo/zbud
[    1.285892] Key type big_key registered
[    1.287146] Key type trusted registered
[    1.290918] Key type encrypted registered
[    1.292197] AppArmor: AppArmor sha1 policy hashing enabled
[    1.294093] ima: No TPM chip found, activating TPM-bypass! (rc=-19)
[    1.295978] ima: Allocated hash algorithm: sha1
[    1.297466] evm: HMAC attrs: 0x1
[    1.298814]   Magic number: 9:428:234
[    1.300133] rtc_cmos rtc_cmos: setting system clock to 2025-05-09 15:12:24 UTC (1746803544)
[    1.302975] BIOS EDD facility v0.16 2004-Jun-25, 0 devices found
[    1.304809] EDD information not available.
[    1.344922] Freeing unused kernel image memory: 2480K
[    1.360222] Write protecting the kernel read-only data: 20480k
[    1.363066] Freeing unused kernel image memory: 2008K
[    1.365157] Freeing unused kernel image memory: 1820K
[    1.381881] x86/mm: Checked W+X mappings: passed, no W+X pages found.
[    1.383857] x86/mm: Checking user space page tables
[    1.398968] x86/mm: Checked W+X mappings: passed, no W+X pages found.
Loading, please wait...
starting version 237
[    1.540708] Fusion MPT base driver 3.04.20
[    1.546665] Copyright (c) 1999-2008 LSI Corporation
[    1.550453] e1000: Intel(R) PRO/1000 Network Driver - version 7.3.21-k8-NAPI
[    1.552902] e1000: Copyright (c) 1999-2006 Intel Corporation.
[    1.568162] Fusion MPT SPI Host driver 3.04.20
[    1.588818] SSE version of gcm_enc/dec engaged.
[    1.809112] input: ImExPS/2 Generic Explorer Mouse as /devices/platform/i8042/serio1/input/input4
[    2.009313] e1000 0000:00:03.0 eth0: (PCI:33MHz:32-bit) 02:3b:7b:b7:3b:2d
[    2.015822] e1000 0000:00:03.0 eth0: Intel(R) PRO/1000 Network Connection
[    2.023596] e1000 0000:00:03.0 enp0s3: renamed from eth0
[    2.023625] mptbase: ioc0: Initiating bringup
[    2.982904] ioc0: LSI53C1030 A0: Capabilities={Initiator}
[    7.340604] scsi host2: ioc0: LSI53C1030 A0, FwRev=00000000h, Ports=1, MaxQ=256, IRQ=20
[    9.329932] scsi 2:0:0:0: Direct-Access     VBOX     HARDDISK         1.0  PQ: 0 ANSI: 5
[    9.482141] scsi target2:0:0: Beginning Domain Validation
[    9.485253] scsi target2:0:0: Domain Validation skipping write tests
[    9.487194] scsi target2:0:0: Ending Domain Validation
[    9.489741] scsi target2:0:0: asynchronous
[    9.492789] scsi 2:0:1:0: Direct-Access     VBOX     HARDDISK         1.0  PQ: 0 ANSI: 5
[   11.471976] scsi target2:0:1: Beginning Domain Validation
[   11.500853] scsi target2:0:1: Domain Validation skipping write tests
[   11.510078] scsi target2:0:1: Ending Domain Validation
[   11.517941] scsi target2:0:1: asynchronous
[   11.533710] sd 2:0:0:0: Attached scsi generic sg0 type 0
[   11.536675] sd 2:0:0:0: [sda] 83886080 512-byte logical blocks: (42.9 GB/40.0 GiB)
[   11.539736] sd 2:0:1:0: Attached scsi generic sg1 type 0
[   11.542317] sd 2:0:0:0: [sda] Write Protect is off
[   11.544015] sd 2:0:0:0: [sda] Incomplete mode parameter data
[   11.545850] sd 2:0:0:0: [sda] Assuming drive cache: write through
[   11.545876] sd 2:0:1:0: [sdb] 20480 512-byte logical blocks: (10.5 MB/10.0 MiB)
[   11.553175] sd 2:0:1:0: [sdb] Write Protect is off
[   11.555063] sd 2:0:1:0: [sdb] Incomplete mode parameter data
[   11.556892] sd 2:0:1:0: [sdb] Assuming drive cache: write through
[   11.589347]  sda: sda1
[   11.591954] sd 2:0:0:0: [sda] Attached SCSI disk
[   11.593870] sd 2:0:1:0: [sdb] Attached SCSI disk
Begin: Loading essential drivers ... [   13.763897] raid6: sse2x1   gen()  8324 MB/s
[   13.812408] raid6: sse2x1   xor()  4923 MB/s
[   13.863700] raid6: sse2x2   gen()  9602 MB/s
[   13.917569] raid6: sse2x2   xor()  6613 MB/s
[   13.964644] raid6: sse2x4   gen()  9782 MB/s
[   14.018435] raid6: sse2x4   xor()  6097 MB/s
[   14.019939] raid6: using algorithm sse2x4 gen() 9782 MB/s
[   14.021588] raid6: .... xor() 6097 MB/s, rmw enabled
[   14.023071] raid6: using ssse3x2 recovery algorithm
[   14.026775] xor: measuring software checksum speed
[   14.068095]    prefetch64-sse: 10394.000 MB/sec
[   14.108094]    generic_sse:  9785.000 MB/sec
[   14.109489] xor: using function: prefetch64-sse (10394.000 MB/sec)
[   14.113234] async_tx: api initialized (async)
done.
Begin: Running /scripts/init-premount ... done.
Begin: Mounting root file system ... Begin: Running /scripts/local-top ... done.
Begin: Running /scripts/local-premount ... [   14.195846] Btrfs loaded, crc32c=crc32c-intel
Scanning for Btrfs filesystems
done.
Warning: fsck no[   14.293858] EXT4-fs (sda1): mounted filesystem with ordered data mode. Opts: (null)
t present, so skipping root file system
done.
Begin: Running /scripts/local-bottom ... done.
Begin: Running /scripts/init-bottom ... done.
[   25.306223] ip_tables: (C) 2000-2006 Netfilter Core Team
[   26.432695] systemd[1]: systemd 237 running in system mode. (+PAM +AUDIT +SELINUX +IMA +APPARMOR +SMACK +SYSVINIT +UTMP +LIBCRYPTSETUP +GCRYPT +GNUTLS +ACL +XZ +LZ4 +SECCOMP +BLKID +ELFUTILS +KMOD -IDN2 +IDN -PCRE2 default-hierarchy=hybrid)
[   26.522018] systemd[1]: Detected virtualization oracle.
[   26.525647] systemd[1]: Detected architecture x86-64.

Welcome to [1mUbuntu 18.04.6 LTS[0m!

[   26.850679] systemd[1]: Set hostname to <ubuntu>.
[   26.968845] systemd[1]: Initializing machine ID from random generator.
[   26.978857] systemd[1]: Installed transient /etc/machine-id file.
[   28.992902] systemd[1]: Reached target System Time Synchronized.
[[0;32m  OK  [0m] Reached target System Time Synchronized.
[   29.008225] systemd[1]: Reached target User and Group Name Lookups.
[[0;32m  OK  [0m] Reached target User and Group Name Lookups.
[   29.015866] systemd[1]: Set up automount Arbitrary Executable File Formats File System Automount Point.
[[0;32m  OK  [0m] Set up automount Arbitrary Executabâ€¦rmats File System Automount Point.
[   29.036402] systemd[1]: Created slice System Slice.
[[0;32m  OK  [0m] Created slice System Slice.
[[0;32m  OK  [0m] Listening on LVM2 metadata daemon socket.
[[0;32m  OK  [0m] Listening on Syslog Socket.
[[0;32m  OK  [0m] Listening on Journal Audit Socket.
[[0;32m  OK  [0m] Listening on udev Kernel Socket.
[[0;32m  OK  [0m] Listening on fsck to fsckd communication Socket.
[[0;32m  OK  [0m] Listening on udev Control Socket.
[[0;32m  OK  [0m] Created slice system-serial\x2dgetty.slice.
[[0;32m  OK  [0m] Listening on /dev/initctl Compatibility Named Pipe.
[[0;32m  OK  [0m] Created slice User and Session Slice.
[[0;32m  OK  [0m] Listening on Network Service Netlink Socket.
[[0;32m  OK  [0m] Listening on LVM2 poll daemon socket.
[[0;32m  OK  [0m] Reached target Swap.
[[0;32m  OK  [0m] Reached target Mounting snaps.
[[0;32m  OK  [0m] Reached target Mounted snaps.
[[0;32m  OK  [0m] Listening on Journal Socket.
         Mounting POSIX Message Queue File System...
         Starting Uncomplicated firewall...
         Starting Load Kernel Modules...
         Starting File System Check on Root Device...
         Mounting Huge Pages File System...
         Starting udev Coldplug all Devices...
         Starting Set the console keyboard layout...
         Mounting Kernel Debug File System...
[[0;32m  OK  [0m] Listening on Journal Socket (/dev/log).
[[0;32m  OK  [0m] Reached target Slices.
         Starting Create list of required stâ€¦ce nodes for the current kernel...
[[0;32m  OK  [0m] Started Forward Password Requests to Wall Directory Watch.
         Starting Journal Service...
[[0;32m  OK  [0m] Listening on Device-mapper event daemon FIFOs.
         Starting Monitoring of LVM2 mirrorsâ€¦ng dmeventd or progress polling...
[[0;32m  OK  [0m] Mounted POSIX Message Queue File System.
[   29.445271] Loading iSCSI transport class v2.0-870.
[[0;32m  OK  [0m] Started Uncomplicated firewall.
[[0;32m  OK  [0m] Mounted Huge Pages File System.
[[0;32m  OK  [0m] Mounted Kernel Debug File System.
[   29.471183] iscsi: registered transport (tcp)
[[0;32m  OK  [0m] Started File System Check Daemon to report status.
[[0;32m  OK  [0m] Started udev Coldplug all Devices.
[[0;32m  OK  [0m] Started Create list of required staâ€¦vice nodes for the current kernel.
         Starting Create Static Device Nodes in /dev...
[[0;32m  OK  [0m] Started File System Check on Root Device.
         Starting Remount Root and Kernel File Systems...
[[0;32m  OK  [0m] Started Journal Service.
[   30.673395] iscsi: registered transport (iser)
[[0;32m  OK  [0m] Started Load Kernel Modules.
         Starting Apply Kernel Variables...
         Mounting Kernel Configuration File System...
         Mounting FUSE Control File System...
[[0;32m  OK  [0m] Started Create Static Device Nodes in /dev.
[[0;32m  OK  [0m] Mounted Kernel Configuration File System.
[[0;32m  OK  [0m] Mounted FUSE Control File System.
[   30.884327] EXT4-fs (sda1): re-mounted. Opts: (null)
[[0;32m  OK  [0m] Started Remount Root and Kernel File Systems.
         Starting Flush Journal to Persistent Storage...
         Starting udev Kernel Device Manager...
         Starting Load/Save Random Seed...
[[0;32m  OK  [0m] Started LVM2 metadata daemon.
[[0;32m  OK  [0m] Started Apply Kernel Variables.
[[0;32m  OK  [0m] Started Load/Save Random Seed.
[[0;32m  OK  [0m] Started udev Kernel Device Manager.
[[0;32m  OK  [0m] Started Flush Journal to Persistent Storage.
[[0;32m  OK  [0m] Started Monitoring of LVM2 mirrors,â€¦sing dmeventd or progress polling.
[[0;32m  OK  [0m] Found device /dev/ttyS0.
[[0;32m  OK  [0m] Listening on Load/Save RF Kill Switch Status /dev/rfkill Watch.
         Mounting Arbitrary Executable File Formats File System...
[[0;32m  OK  [0m] Mounted Arbitrary Executable File Formats File System.
[[0;32m  OK  [0m] Started Set the console keyboard layout.
[[0;32m  OK  [0m] Started Dispatch Password Requests to Console Directory Watch.
[[0;32m  OK  [0m] Reached target Local Encrypted Volumes.
[[0;32m  OK  [0m] Reached target Local File Systems (Pre).
[[0;32m  OK  [0m] Reached target Local File Systems.
         Starting Commit a transient machine-id on disk...
         Starting Tell Plymouth To Write Out Runtime Data...
         Starting Create Volatile Files and Directories...
         Starting Set console font and keymap...
         Starting AppArmor initialization...
         Starting ebtables ruleset management...
[[0;32m  OK  [0m] Started Tell Plymouth To Write Out Runtime Data.
[[0;32m  OK  [0m] Started Create Volatile Files and Directories.
         Starting Update UTMP about System Boot/Shutdown...
[[0;32m  OK  [0m] Started Update UTMP about System Boot/Shutdown.
[[0;32m  OK  [0m] Started Commit a transient machine-id on disk.
[[0;32m  OK  [0m] Started ebtables ruleset management.
[[0;32m  OK  [0m] Started Set console font and keymap.
[[0;32m  OK  [0m] Started AppArmor initialization.
         Starting Load AppArmor profiles managed internally by snapd...
         Starting Initial cloud-init job (pre-networking)...
[[0;32m  OK  [0m] Started Load AppArmor profiles managed internally by snapd.
[   50.694725] cloud-init[864]: Cloud-init v. 23.1.2-0ubuntu0~18.04.1 running 'init-local' at Fri, 09 May 2025 15:13:12 +0000. Up 49.77 seconds.
[[0;32m  OK  [0m] Started Initial cloud-init job (pre-networking).
[[0;32m  OK  [0m] Reached target Network (Pre).
         Starting Network Service...
[[0;32m  OK  [0m] Started Network Service.
         Starting Wait for Network to be Configured...
         Starting Network Name Resolution...
[[0;32m  OK  [0m] Started Network Name Resolution.
[[0;32m  OK  [0m] Reached target Host and Network Name Lookups.
[[0;32m  OK  [0m] Reached target Network.
[[0;32m  OK  [0m] Started Wait for Network to be Configured.
         Starting Initial cloud-init job (metadata service crawler)...
[   53.730498] cloud-init[995]: Cloud-init v. 23.1.2-0ubuntu0~18.04.1 running 'init' at Fri, 09 May 2025 15:13:16 +0000. Up 53.36 seconds.
[   53.737011] cloud-init[995]: ci-info: ++++++++++++++++++++++++++++++++++++++Net device info++++++++++++++++++++++++++++++++++++++
[   53.738962] cloud-init[995]: ci-info: +--------+------+----------------------------+---------------+--------+-------------------+
[   53.740620] cloud-init[995]: ci-info: | Device |  Up  |          Address           |      Mask     | Scope  |     Hw-Address    |
[   53.742374] cloud-init[995]: ci-info: +--------+------+----------------------------+---------------+--------+-------------------+
[   53.743886] cloud-init[995]: ci-info: | enp0s3 | True |         10.0.2.15          | 255.255.255.0 | global | 02:3b:7b:b7:3b:2d |
[   53.746010] cloud-init[995]: ci-info: | enp0s3 | True | fe80::3b:7bff:feb7:3b2d/64 |       .       |  link  | 02:3b:7b:b7:3b:2d |
[   53.748312] cloud-init[995]: ci-info: |   lo   | True |         127.0.0.1          |   255.0.0.0   |  host  |         .         |
[   53.750123] cloud-init[995]: ci-info: |   lo   | True |          ::1/128           |       .       |  host  |         .         |
[   53.752233] cloud-init[995]: ci-info: +--------+------+----------------------------+---------------+--------+-------------------+
[   53.753943] cloud-init[995]: ci-info: ++++++++++++++++++++++++++++Route IPv4 info+++++++++++++++++++++++++++++
[   53.755568] cloud-init[995]: ci-info: +-------+-------------+----------+-----------------+-----------+-------+
[   53.757406] cloud-init[995]: ci-info: | Route | Destination | Gateway  |     Genmask     | Interface | Flags |
[   53.759342] cloud-init[995]: ci-info: +-------+-------------+----------+-----------------+-----------+-------+
[   53.761233] cloud-init[995]: ci-info: |   0   |   0.0.0.0   | 10.0.2.2 |     0.0.0.0     |   enp0s3  |   UG  |
[   53.763044] cloud-init[995]: ci-info: |   1   |   10.0.2.0  | 0.0.0.0  |  255.255.255.0  |   enp0s3  |   U   |
[   53.764922] cloud-init[995]: ci-info: |   2   |   10.0.2.2  | 0.0.0.0  | 255.255.255.255 |   enp0s3  |   UH  |
[   53.766731] cloud-init[995]: ci-info: +-------+-------------+----------+-----------------+-----------+-------+
[   53.769082] cloud-init[995]: ci-info: +++++++++++++++++++Route IPv6 info+++++++++++++++++++
[   53.770686] cloud-init[995]: ci-info: +-------+-------------+---------+-----------+-------+
[   53.774407] cloud-init[995]: ci-info: | Route | Destination | Gateway | Interface | Flags |
[   53.775996] cloud-init[995]: ci-info: +-------+-------------+---------+-----------+-------+
[   53.777620] cloud-init[995]: ci-info: |   1   |  fe80::/64  |    ::   |   enp0s3  |   U   |
[   53.782002] cloud-init[995]: ci-info: |   3   |    local    |    ::   |   enp0s3  |   U   |
[   53.783501] cloud-init[995]: ci-info: |   4   |   ff00::/8  |    ::   |   enp0s3  |   U   |
[   53.784712] cloud-init[995]: ci-info: +-------+-------------+---------+-----------+-------+
[   61.733429] cloud-init[995]: Generating public/private rsa key pair.
[   61.747172] cloud-init[995]: Your identification has been saved in /etc/ssh/ssh_host_rsa_key.
[   61.754401] cloud-init[995]: Your public key has been saved in /etc/ssh/ssh_host_rsa_key.pub.
[   61.761976] cloud-init[995]: The key fingerprint is:
[   61.765593] cloud-init[995]: SHA256:qxUACCGJWYWsuh2RfoI1POIbR5sdMz16LWoV1UMHZMg root@ubuntu-bionic
[   61.771698] cloud-init[995]: The key's randomart image is:
[   61.773583] cloud-init[995]: +---[RSA 2048]----+
[   61.774671] cloud-init[995]: |=B.+o   . ==..   |
[   61.775427] cloud-init[995]: |= +  .   E.o.    |
[   61.776231] cloud-init[995]: | o .  o .   .    |
[   61.776928] cloud-init[995]: |o B. + =         |
[   61.780679] cloud-init[995]: |o=.++ = S        |
[   61.783561] cloud-init[995]: |oo++.o + +       |
[   61.785616] cloud-init[995]: | o++  + +        |
[   61.786456] cloud-init[995]: |...  o o         |
[   61.799296] cloud-init[995]: |    . .          |
[   61.804874] cloud-init[995]: +----[SHA256]-----+
[   61.805929] cloud-init[995]: Generating public/private dsa key pair.
[   61.807167] cloud-init[995]: Your identification has been saved in /etc/ssh/ssh_host_dsa_key.
[   61.814189] cloud-init[995]: Your public key has been saved in /etc/ssh/ssh_host_dsa_key.pub.
[   61.816175] cloud-init[995]: The key fingerprint is:
[   61.817345] cloud-init[995]: SHA256:mvZDcWr4+qYZI/uaKugV/Vu8OsgUq9esJwYFova9zdY root@ubuntu-bionic
[   61.818886] cloud-init[995]: The key's randomart image is:
[   61.820138] cloud-init[995]: +---[DSA 1024]----+
[   61.827878] cloud-init[995]: |                 |
[   61.828975] cloud-init[995]: | . .             |
[   61.829940] cloud-init[995]: |. . .            |
[   61.837384] cloud-init[995]: |..  .o  . .      |
[   61.844883] cloud-init[995]: |. ..o.o.S+       |
[   61.846059] cloud-init[995]: |   o.+oo=        |
[   61.847196] cloud-init[995]: |.  .* &=.o       |
[   61.848530] cloud-init[995]: |o .. % &*E.      |
[   61.849658] cloud-init[995]: |.o..*+XB=o       |
[   61.850748] cloud-init[995]: +----[SHA256]-----+
[   61.855343] cloud-init[995]: Generating public/private ecdsa key pair.
[   61.856805] cloud-init[995]: Your identification has been saved in /etc/ssh/ssh_host_ecdsa_key.
[   61.862093] cloud-init[995]: Your public key has been saved in /etc/ssh/ssh_host_ecdsa_key.pub.
[   61.868234] cloud-init[995]: The key fingerprint is:
[   61.869470] cloud-init[995]: SHA256:Kd9xhPZSzmsKXyQJb6d9RRFGwTpY710g22Tx2V8RlGQ root@ubuntu-bionic
[   61.878232] cloud-init[995]: The key's randomart image is:
[   61.879549] cloud-init[995]: +---[ECDSA 256]---+
[   61.880756] cloud-init[995]: |              *E=|
[   61.891396] cloud-init[995]: |           ...*+=|
[   61.892600] cloud-init[995]: |        . o =*oo=|
[   61.893766] cloud-init[995]: |         = O.o.o+|
[   61.897292] cloud-init[995]: |      . S B B o =|
[   61.898905] cloud-init[995]: |       o o X . o.|
[   61.900020] cloud-init[995]: |        o o = .  |
[   61.901271] cloud-init[995]: |         o + .   |
[   61.910939] cloud-init[995]: |          o      |
[   61.916756] cloud-init[995]: +----[SHA256]-----+
[   61.921645] cloud-init[995]: Generating public/private ed25519 key pair.
[[0;32m  OK  [0m] Started Initial cloud-init job (metadata service crawler).
[[0;32m  OK  [0m] Reached target Network is Online.
[   61.935282] cloud-init[995]: Your identification has been saved in /etc/ssh/ssh_host_ed25519_key.
[   61.980453] cloud-init[995]: Your public key has been saved in /etc/ssh/ssh_host_ed25519_key.pub.
[   61.992454] cloud-init[995]: The key fingerprint is:
[   62.004343] cloud-init[995]: SHA256:zoHNNRbAb3xZp2WisNRkhLClivM0g2ymovVVvKquMbU root@ubuntu-bionic
[   62.020360] cloud-init[995]: The key's randomart image is:
[[0;32m  OK  [0m] Reached target Remote File Systems (Pre).
[[0;32m  OK  [0m] Reached target Remote File Systems.
[   62.024434] cloud-init[995]: +--[ED25519 256]--+
[   62.071115] cloud-init[995]: |       .ooo=+    |
[   62.081004] cloud-init[995]: |        .++o. o +|
[   62.094577] cloud-init[995]: |        o++o + * |
[   62.103685] cloud-init[995]: |   . o * o=.+ .  |
[   62.117745] cloud-init[995]: |    O * S. .     |
[   62.134389] cloud-init[995]: |   = = * o       |
[   62.151315] cloud-init[995]: |. = E o +        |
[   62.161036] cloud-init[995]: |.o + . .         |
         Starting Availability of block devices...
[[0;32m  OK  [0m] Reached target System Initialization.
[   62.166034] cloud-init[995]: |. .o+..          |
[[0;32m  OK  [0m] Started Discard unused blocks once a week.
[   62.167349] cloud-init[995]: +----[SHA256]-----+
[[0;32m  OK  [0m] Started Daily apt download activities.
[[0;32m  OK  [0m] Started ACPI Events Check.
[[0;32m  OK  [0m] Reached target Paths.
         Starting LXD - unix socket.
[[0;32m  OK  [0m] Listening on UUID daemon activation socket.
[[0;32m  OK  [0m] Listening on D-Bus System Message Bus Socket.
[[0;32m  OK  [0m] Started Ubuntu Advantage Timer for running repeated jobs.
[[0;32m  OK  [0m] Listening on cloud-init hotplug hook socket.
[[0;32m  OK  [0m] Listening on ACPID Listen Socket.
[[0;32m  OK  [0m] Started Message of the Day.
         Starting Socket activation for snappy daemon.
[[0;32m  OK  [0m] Listening on Open-iSCSI iscsid Socket.
[[0;32m  OK  [0m] Started Daily Cleanup of Temporary Directories.
[[0;32m  OK  [0m] Started Daily apt upgrade and clean activities.
[[0;32m  OK  [0m] Reached target Timers.
[[0;32m  OK  [0m] Reached target Cloud-config availability.
[[0;32m  OK  [0m] Started Availability of block devices.
[[0;32m  OK  [0m] Listening on LXD - unix socket.
[[0;32m  OK  [0m] Listening on Socket activation for snappy daemon.
[[0;32m  OK  [0m] Reached target Sockets.
[[0;32m  OK  [0m] Reached target Basic System.
         Starting Login Service...
         Starting Pollinate to seed the pseudo random number generator...
[[0;32m  OK  [0m] Started irqbalance daemon.
         Starting Permit User Sessions...
[[0;32m  OK  [0m] Started Deferred execution scheduler.
[[0;32m  OK  [0m] Started D-Bus System Message Bus.
[[0;32m  OK  [0m] Started Login Service.
[[0;32m  OK  [0m] Started Unattended Upgrades Shutdown.
[[0;32m  OK  [0m] Started Regular background program processing daemon.
         Starting Virtualbox guest utils...
         Starting Dispatcher daemon for systemd-networkd...
         Starting Snap Daemon...
         Starting LSB: Record successful boot for GRUB...
         Starting Accounts Service...
[[0;32m  OK  [0m] Reached target Login Prompts (Pre).
[[0;32m  OK  [0m] Started FUSE filesystem for LXC.
         Starting System Logging Service...
         Starting LSB: automatic crash report generation...
         Starting LXD - container startup/shutdown...
[[0;32m  OK  [0m] Started Permit User Sessions.
         Starting Hold until boot process finishes up...
         Starting Terminate Plymouth Boot Screen...
[[0;32m  OK  [0m] Started Hold until boot process finishes up.
[[0;32m  OK  [0m] Started Terminate Plymouth Boot Screen.
[[0;32m  OK  [0m] Started Serial Getty on ttyS0.
         Starting Set console scheme...
[[0;32m  OK  [0m] Started Set console scheme.
[[0;32m  OK  [0m] Created slice system-getty.slice.
[[0;32m  OK  [0m] Started Getty on tty1.
[[0;32m  OK  [0m] Reached target Login Prompts.
[[0;32m  OK  [0m] Started LSB: automatic crash report generation.
[[0;32m  OK  [0m] Started LSB: Record successful boot for GRUB.
[[0;32m  OK  [0m] Started System Logging Service.
         Starting Authorization Manager...
[[0;32m  OK  [0m] Started Virtualbox guest utils.
[[0;32m  OK  [0m] Started Authorization Manager.
[[0;32m  OK  [0m] Started Accounts Service.
[[0;32m  OK  [0m] Started Dispatcher daemon for systemd-networkd.
[[0;32m  OK  [0m] Started LXD - container startup/shutdown.

Ubuntu 18.04.6 LTS ubuntu-bionic ttyS0

ubuntu-bionic login: [  100.584189] cloud-init[1678]: Cloud-init v. 23.1.2-0ubuntu0~18.04.1 running 'modules:config' at Fri, 09 May 2025 15:13:47 +0000. Up 83.89 seconds.
ci-info: no authorized SSH keys fingerprints found for user ubuntu.
<14>May  9 15:14:06 cloud-init: #############################################################
<14>May  9 15:14:06 cloud-init: -----BEGIN SSH HOST KEY FINGERPRINTS-----
<14>May  9 15:14:06 cloud-init: 1024 SHA256:mvZDcWr4+qYZI/uaKugV/Vu8OsgUq9esJwYFova9zdY root@ubuntu-bionic (DSA)
<14>May  9 15:14:06 cloud-init: 256 SHA256:Kd9xhPZSzmsKXyQJb6d9RRFGwTpY710g22Tx2V8RlGQ root@ubuntu-bionic (ECDSA)
<14>May  9 15:14:06 cloud-init: 256 SHA256:zoHNNRbAb3xZp2WisNRkhLClivM0g2ymovVVvKquMbU root@ubuntu-bionic (ED25519)
<14>May  9 15:14:06 cloud-init: 2048 SHA256:qxUACCGJWYWsuh2RfoI1POIbR5sdMz16LWoV1UMHZMg root@ubuntu-bionic (RSA)
<14>May  9 15:14:06 cloud-init: -----END SSH HOST KEY FINGERPRINTS-----
<14>May  9 15:14:06 cloud-init: #############################################################
-----BEGIN SSH HOST KEY KEYS-----
ecdsa-sha2-nistp256 AAAAE2VjZHNhLXNoYTItbmlzdHAyNTYAAAAIbmlzdHAyNTYAAABBBAllPCflo3/cxWND47dxA/KShWI55LS1cIfRTrpcRg/GGM+d760XEizq1WCdwpNeLmWm/+f7S51p932K8qEYIYE= root@ubuntu-bionic
ssh-ed25519 AAAAC3NzaC1lZDI1NTE5AAAAIEh9bzi3gg31Jfr5t1MXJeVHYY3pDKQXr3RI1O/sKycR root@ubuntu-bionic
ssh-rsa AAAAB3NzaC1yc2EAAAADAQABAAABAQCsGelY7oJBdSq/QCnDr2z5WmPBpzxpxC4ON3ZMoZ+65EpBXPkmLWuW85YsUiKxeexg0cJPsN2RBdMZJRTTtyavjOTvFAv1LS4CP965rQHB27RG6oPTOp5o2Y16A6ZOtxfR/z9JqsindaZQNQ6uPE1nN9TT9idYphha7lDKB6KHa7g4nGXu4nwKfaYbSLQDiHFvgZhW2j+hyM8mlID59A9LWwI8dREsmQI182XD4VJjXVyM/a4YXhq5ZYDJC6N3EJscqF9C15/W2pRgFCjpRZBU4+gImP5Lnx5is+bIRppDqVuC+mWLCdFx6+Ttf4bOAbJXZ2GOpEcaZT5XeSoztaUX root@ubuntu-bionic
-----END SSH HOST KEY KEYS-----
[  103.315742] cloud-init[1932]: Cloud-init v. 23.1.2-0ubuntu0~18.04.1 running 'modules:final' at Fri, 09 May 2025 15:14:05 +0000. Up 102.00 seconds.
[  103.315918] cloud-init[1932]: Cloud-init v. 23.1.2-0ubuntu0~18.04.1 finished at Fri, 09 May 2025 15:14:06 +0000. Datasource DataSourceNoCloud [seed=/dev/sdb][dsmode=net].  Up 103.29 seconds
[[0;32m  OK  [0m] Stopped Unattended Upgrades Shutdown.
[[0;32m  OK  [0m] Stopped target Cloud-init target.
[[0;32m  OK  [0m] Stopped Execute cloud user/final scripts.
         Stopping User Manager for UID 1000...
[[0;32m  OK  [0m] Stopped target Timers.
[[0;32m  OK  [0m] Stopped Ubuntu Advantage Timer for running repeated jobs.
         Stopping Authorization Manager...
[[0;32m  OK  [0m] Stopped Apply the settings specified in cloud-config.
[[0;32m  OK  [0m] Stopped target Cloud-config availability.
[[0;32m  OK  [0m] Stopped target Host and Network Name Lookups.
         Stopping Availability of block devices...
         Stopping Session 9 of user vagrant.
[[0;32m  OK  [0m] Stopped Message of the Day.
[[0;32m  OK  [0m] Closed Load/Save RF Kill Switch Status /dev/rfkill Watch.
[[0;32m  OK  [0m] Stopped Discard unused blocks once a week.
[[0;32m  OK  [0m] Stopped Daily apt upgrade and clean activities.
[[0;32m  OK  [0m] Stopped Daily apt download activities.
[[0;32m  OK  [0m] Stopped target System Time Synchronized.
[[0;32m  OK  [0m] Stopped target Graphical Interface.
         Stopping Accounts Service...
[[0;32m  OK  [0m] Stopped target Multi-User System.
         Stopping LXD - container startup/shutdown...
         Stopping Regular background program processing daemon...
[[0;32m  OK  [0m] Stopped target Login Prompts.
         Stopping Serial Getty on ttyS0...
         Stopping Getty on tty1...
         Stopping LSB: Record successful boot for GRUB...
         Stopping Deferred execution scheduler...
         Stopping FUSE filesystem for LXC...
         Stopping irqbalance daemon...
         Stopping System Logging Service...
         Stopping Dispatcher daemon for systemd-networkd...
         Stopping OpenBSD Secure Shell server...
         Stopping D-Bus System Message Bus...
         Stopping Docker Application Container Engine...
[[0;32m  OK  [0m] Stopped Wait until snapd is fully seeded.
         Stopping LSB: automatic crash report generation...
         Stopping Virtualbox guest utils...
[[0;32m  OK  [0m] Stopped Daily Cleanup of Temporary Directories.
[[0;32m  OK  [0m] Unmounted /var/lib/lxcfs.
[[0;32m  OK  [0m] Stopped irqbalance daemon.
[[0;32m  OK  [0m] Stopped Deferred execution scheduler.
[[0;32m  OK  [0m] Stopped Regular background program processing daemon.
[[0;32m  OK  [0m] Stopped Dispatcher daemon for systemd-networkd.
[[0;32m  OK  [0m] Stopped Accounts Service.
[[0;32m  OK  [0m] Stopped Getty on tty1.
[[0;32m  OK  [0m] Stopped Authorization Manager.
[[0;32m  OK  [0m] Stopped OpenBSD Secure Shell server.
[[0;32m  OK  [0m] Stopped Docker Application Container Engine.
[[0;32m  OK  [0m] Stopped Serial Getty on ttyS0.
[[0;32m  OK  [0m] Stopped User Manager for UID 1000.
[[0;32m  OK  [0m] Stopped D-Bus System Message Bus.
[[0;32m  OK  [0m] Stopped Session 9 of user vagrant.
[[0;32m  OK  [0m] Removed slice User Slice of vagrant.
         Stopping Login Service...
[[0;32m  OK  [0m] Removed slice system-serial\x2dgetty.slice.
         Stopping containerd container runtime...
[[0;32m  OK  [0m] Stopped target Login Prompts (Pre).
[[0;32m  OK  [0m] Removed slice system-getty.slice.
         Stopping Permit User Sessions...
[[0;32m  OK  [0m] Stopped containerd container runtime.
[[0;32m  OK  [0m] Stopped LXD - container startup/shutdown.
[[0;32m  OK  [0m] Stopped System Logging Service.
[[0;32m  OK  [0m] Stopped FUSE filesystem for LXC.
[[0;32m  OK  [0m] Stopped Login Service.
[[0;32m  OK  [0m] Stopped Availability of block devices.
[[0;32m  OK  [0m] Stopped Permit User Sessions.
[[0;32m  OK  [0m] Stopped target User and Group Name Lookups.
[[0;32m  OK  [0m] Stopped LSB: Record successful boot for GRUB.
[[0;32m  OK  [0m] Stopped Virtualbox guest utils.
[[0;32m  OK  [0m] Stopped LSB: automatic crash report generation.
[[0;32m  OK  [0m] Stopped target Remote File Systems.
         Unmounting /vagrant...
[[0;32m  OK  [0m] Stopped target Basic System.
[[0;32m  OK  [0m] Stopped target Slices.
[[0;32m  OK  [0m] Removed slice User and Session Slice.
[[0;32m  OK  [0m] Stopped target Paths.
[[0;32m  OK  [0m] Stopped ACPI Events Check.
[[0;32m  OK  [0m] Stopped target Sockets.
[[0;32m  OK  [0m] Closed UUID daemon activation socket.
[[0;32m  OK  [0m] Closed Syslog Socket.
[[0;32m  OK  [0m] Closed LXD - unix socket.
[[0;32m  OK  [0m] Closed Docker Socket for the API.
[[0;32m  OK  [0m] Closed D-Bus System Message Bus Socket.
[[0;32m  OK  [0m] Closed Socket activation for snappy daemon.
[[0;32m  OK  [0m] Closed cloud-init hotplug hook socket.
[[0;32m  OK  [0m] Closed Open-iSCSI iscsid Socket.
[[0;32m  OK  [0m] Closed ACPID Listen Socket.
[[0;32m  OK  [0m] Stopped target System Initialization.
         Stopping Update UTMP about System Boot/Shutdown...
         Stopping Load/Save Random Seed...
[[0;32m  OK  [0m] Stopped target Local Encrypted Volumes.
[[0;32m  OK  [0m] Stopped Forward Password Requests to Wall Directory Watch.
[[0;32m  OK  [0m] Stopped Dispatch Password Requests to Console Directory Watch.
[[0;32m  OK  [0m] Stopped Commit a transient machine-id on disk.
[[0;32m  OK  [0m] Unmounted /vagrant.
[[0;32m  OK  [0m] Stopped target Remote File Systems (Pre).
[[0;32m  OK  [0m] Stopped target Network is Online.
[[0;32m  OK  [0m] Stopped target Network.
         Stopping Network Name Resolution...
[[0;32m  OK  [0m] Stopped Initial cloud-init job (metadata service crawler).
[[0;32m  OK  [0m] Stopped Wait for Network to be Configured.
[[0;32m  OK  [0m] Stopped Load/Save Random Seed.
[[0;32m  OK  [0m] Stopped Network Name Resolution.
         Stopping Network Service...
[[0;32m  OK  [0m] Stopped Update UTMP about System Boot/Shutdown.
[[0;32m  OK  [0m] Stopped Create Volatile Files and Directories.
[[0;32m  OK  [0m] Stopped target Local File Systems.
         Unmounting /run/user/1000...
[[0;32m  OK  [0m] Stopped target Mounted snaps.
[[0;32m  OK  [0m] Stopped target Mounting snaps.
[[0;32m  OK  [0m] Stopped Network Service.
[[0;32m  OK  [0m] Stopped target Network (Pre).
[[0;32m  OK  [0m] Stopped Initial cloud-init job (pre-networking).
[[0;32m  OK  [0m] Stopped Apply Kernel Variables.
[[0;32m  OK  [0m] Stopped Load Kernel Modules.
[[0;32m  OK  [0m] Unmounted /run/user/1000.
[[0;32m  OK  [0m] Reached target Unmount All Filesystems.
[[0;32m  OK  [0m] Stopped target Local File Systems (Pre).
[[0;32m  OK  [0m] Stopped Create Static Device Nodes in /dev.
[[0;32m  OK  [0m] Stopped Remount Root and Kernel File Systems.
         Stopping Monitoring of LVM2 mirrorsâ€¦ng dmeventd or progress polling...
[[0;32m  OK  [0m] Stopped target Swap.
[[0;32m  OK  [0m] Reached target Shutdown.
[[0;32m  OK  [0m] Reached target Final Step.
         Starting Power-Off...
[ 2551.018225] reboot: Power down
